2025-11-19T16:48:39Z [browserstack_sdk.__init__][INFO] - SDK run started with id: 4a435820-22ce-4681-a0ea-2044b166f7e9
2025-11-19T16:48:39Z [browserstack_sdk.__init__][INFO] - Project and debug logs are captured by default. To disable, set disableAutoCaptureLogs: true in config.
2025-11-19T16:48:42Z [browserstack_sdk.__init__][INFO] - Setting up for Browserstack, using framework: robot
==============================================================================
Tests                                                                         
==============================================================================
Tests.03 Logout Test                                                          
==============================================================================
Log Out Test                                                          2025-11-19T16:48:42Z [browserstack_sdk.__init__][INFO] - Completed setup!
| PASS |
------------------------------------------------------------------------------
Tests.03 Logout Test                                                  | PASS |
1 test, 1 passed, 0 failed
==============================================================================
Tests                                                                 | PASS |
1 test, 1 passed, 0 failed
==============================================================================
Output:  C:\Users\Madiyar\Desktop\projects\testing\testing-assignment2\pabot_results\9\output.xml
2025-11-19T16:49:09Z [browserstack_sdk.__init__][INFO] - Handling session close
2025-11-19T16:49:09Z [browserstack_sdk.__init__][INFO] - All done!
