2025-11-19T16:49:12Z [browserstack_sdk.__init__][INFO] - SDK run started with id: 9ab4d025-fbac-452a-8981-7840bfaae8e5
2025-11-19T16:49:12Z [browserstack_sdk.__init__][INFO] - Project and debug logs are captured by default. To disable, set disableAutoCaptureLogs: true in config.
2025-11-19T16:49:15Z [browserstack_sdk.__init__][INFO] - Setting up for Browserstack, using framework: robot
==============================================================================
Tests                                                                         
==============================================================================
Tests.03 Logout Test                                                          
==============================================================================
Log Out Test                                                          2025-11-19T16:49:15Z [browserstack_sdk.__init__][INFO] - Completed setup!
| PASS |
------------------------------------------------------------------------------
Tests.03 Logout Test                                                  | PASS |
1 test, 1 passed, 0 failed
==============================================================================
Tests                                                                 | PASS |
1 test, 1 passed, 0 failed
==============================================================================
Output:  C:\Users\Madiyar\Desktop\projects\testing\testing-assignment2\pabot_results\11\output.xml
2025-11-19T16:49:58Z [browserstack_sdk.__init__][INFO] - Handling session close
2025-11-19T16:49:58Z [browserstack_sdk.__init__][INFO] - All done!
