2025-11-19T16:46:44Z [browserstack_sdk.__init__][INFO] - SDK run started with id: 6effe26d-98b9-44ec-8521-a9720dd8d17b
2025-11-19T16:46:44Z [browserstack_sdk.__init__][INFO] - Project and debug logs are captured by default. To disable, set disableAutoCaptureLogs: true in config.
2025-11-19T16:46:47Z [browserstack_sdk.__init__][INFO] - Setting up for Browserstack, using framework: robot
==============================================================================
Tests                                                                         
==============================================================================
Tests.04 Buyproduct Test                                                      
==============================================================================
Buy Product Test                                                      2025-11-19T16:46:47Z [browserstack_sdk.__init__][INFO] - Completed setup!
| PASS |
------------------------------------------------------------------------------
Tests.04 Buyproduct Test                                              | PASS |
1 test, 1 passed, 0 failed
==============================================================================
Tests                                                                 | PASS |
1 test, 1 passed, 0 failed
==============================================================================
Output:  C:\Users\Madiyar\Desktop\projects\testing\testing-assignment2\pabot_results\0\output.xml
2025-11-19T16:47:38Z [browserstack_sdk.__init__][INFO] - Handling session close
2025-11-19T16:47:38Z [browserstack_sdk.__init__][INFO] - All done!
