2025-11-19T16:47:42Z [browserstack_sdk.__init__][INFO] - SDK run started with id: bf5f18ca-745c-4f82-855d-a688edb8ad6d
2025-11-19T16:47:42Z [browserstack_sdk.__init__][INFO] - Project and debug logs are captured by default. To disable, set disableAutoCaptureLogs: true in config.
2025-11-19T16:47:44Z [browserstack_sdk.__init__][INFO] - Setting up for Browserstack, using framework: robot
==============================================================================
Tests                                                                         
==============================================================================
Tests.01 Signup Test                                                          
==============================================================================
Sign Up Test                                                          2025-11-19T16:47:44Z [browserstack_sdk.__init__][INFO] - Completed setup!
| PASS |
------------------------------------------------------------------------------
Tests.01 Signup Test                                                  | PASS |
1 test, 1 passed, 0 failed
==============================================================================
Tests                                                                 | PASS |
1 test, 1 passed, 0 failed
==============================================================================
Output:  C:\Users\Madiyar\Desktop\projects\testing\testing-assignment2\pabot_results\4\output.xml
2025-11-19T16:48:28Z [browserstack_sdk.__init__][INFO] - Handling session close
2025-11-19T16:48:28Z [browserstack_sdk.__init__][INFO] - All done!
