2025-11-19T16:48:34Z [browserstack_sdk.__init__][INFO] - SDK run started with id: 72fba56c-b58d-44a2-ab0c-0b71ab81dc1b
2025-11-19T16:48:34Z [browserstack_sdk.__init__][INFO] - Project and debug logs are captured by default. To disable, set disableAutoCaptureLogs: true in config.
2025-11-19T16:48:38Z [browserstack_sdk.__init__][INFO] - Setting up for Browserstack, using framework: robot
==============================================================================
Tests                                                                         
==============================================================================
Tests.02 Login Test                                                           
==============================================================================
Log In Test                                                           2025-11-19T16:48:38Z [browserstack_sdk.__init__][INFO] - Completed setup!
| PASS |
------------------------------------------------------------------------------
Tests.02 Login Test                                                   | PASS |
1 test, 1 passed, 0 failed
==============================================================================
Tests                                                                 | PASS |
1 test, 1 passed, 0 failed
==============================================================================
Output:  C:\Users\Madiyar\Desktop\projects\testing\testing-assignment2\pabot_results\8\output.xml
2025-11-19T16:49:21Z [browserstack_sdk.__init__][INFO] - Handling session close
2025-11-19T16:49:21Z [browserstack_sdk.__init__][INFO] - All done!
